cpu-bind=MASK - gpu1, task  0  0 [2193404]: mask 0x41000000000000000000000000000000410000000000000000 set
2026-06-10 14:16:44.424 | INFO     | magic_pdf.data.dataset:__init__:157 - lang: en
2026-06-10 14:16:45.424 | INFO     | magic_pdf.libs.pdf_check:detect_invalid_chars:67 - cid_count: 0, text_len: 9101, cid_chars_radio: 0.0
/scratch/data/divyasaxena_rs/Muskan_internship/envs/mineru/lib/python3.10/site-packages/torch/cuda/__init__.py:187: UserWarning: CUDA initialization: The NVIDIA driver on your system is too old (found version 12050). Please update your GPU driver by downloading and installing a new version from the URL: http://www.nvidia.com/Download/index.aspx Alternatively, go to: https://pytorch.org to install a PyTorch version that has been compiled with your version of the CUDA driver. (Triggered internally at /pytorch/c10/cuda/CUDAFunctions.cpp:119.)
  return torch._C._cuda_getDeviceCount() > 0
2026-06-10 14:16:46.269 | INFO     | magic_pdf.model.doc_analyze_by_custom_model:may_batch_image_analyze:279 - Could not determine GPU memory, using default batch_ratio: 1
2026-06-10 14:16:46.276 | INFO     | magic_pdf.model.pdf_extract_kit:__init__:68 - DocAnalysis init, this may take some times, layout_model: doclayout_yolo, apply_formula: True, apply_ocr: True, apply_table: True, table_model: rapid_table, lang: None
2026-06-10 14:16:46.276 | INFO     | magic_pdf.model.pdf_extract_kit:__init__:82 - using device: cuda
2026-06-10 14:16:46.276 | INFO     | magic_pdf.model.pdf_extract_kit:__init__:86 - using models_dir: /scratch/data/divyasaxena_rs/Muskan_internship/mineru_models/PDF-Extract-Kit/models
2026-06-10 14:16:54.493 | ERROR    | magic_pdf.tools.cli:parse_doc:134 - The NVIDIA driver on your system is too old (found version 12050). Please update your GPU driver by downloading and installing a new version from the URL: http://www.nvidia.com/Download/index.aspx Alternatively, go to: https://pytorch.org to install a PyTorch version that has been compiled with your version of the CUDA driver.
Traceback (most recent call last):

  File "/scratch/data/divyasaxena_rs/Muskan_internship/envs/mineru/bin/magic-pdf", line 6, in <module>
    sys.exit(cli())
    │   │    └ <Command cli>
    │   └ <built-in function exit>
    └ <module 'sys' (built-in)>
  File "/scratch/data/divyasaxena_rs/Muskan_internship/envs/mineru/lib/python3.10/site-packages/click/core.py", line 1524, in __call__
    return self.main(*args, **kwargs)
           │    │     │       └ {}
           │    │     └ ()
           │    └ <function Command.main at 0x7f1f093e2560>
           └ <Command cli>
  File "/scratch/data/divyasaxena_rs/Muskan_internship/envs/mineru/lib/python3.10/site-packages/click/core.py", line 1445, in main
    rv = self.invoke(ctx)
         │    │      └ <click.core.Context object at 0x7f1f0989b0d0>
         │    └ <function Command.invoke at 0x7f1f093e2440>
         └ <Command cli>
  File "/scratch/data/divyasaxena_rs/Muskan_internship/envs/mineru/lib/python3.10/site-packages/click/core.py", line 1308, in invoke
    return ctx.invoke(self.callback, **ctx.params)
           │   │      │    │           │   └ {'path': './data/World_History_Volume_1.pdf', 'output_dir': './dumps/', 'lang': 'en', 'end_page_id': 9, 'method': 'auto', 'de...
           │   │      │    │           └ <click.core.Context object at 0x7f1f0989b0d0>
           │   │      │    └ <function cli at 0x7f1e43ddd090>
           │   │      └ <Command cli>
           │   └ <function Context.invoke at 0x7f1f093e17e0>
           └ <click.core.Context object at 0x7f1f0989b0d0>
  File "/scratch/data/divyasaxena_rs/Muskan_internship/envs/mineru/lib/python3.10/site-packages/click/core.py", line 877, in invoke
    return callback(*args, **kwargs)
           │         │       └ {'path': './data/World_History_Volume_1.pdf', 'output_dir': './dumps/', 'lang': 'en', 'end_page_id': 9, 'method': 'auto', 'de...
           │         └ ()
           └ <function cli at 0x7f1e43ddd090>

  File "/scratch/data/divyasaxena_rs/Muskan_internship/MinerU/magic_pdf/tools/cli.py", line 155, in cli
    parse_doc(Path(path))
    │         │    └ './data/World_History_Volume_1.pdf'
    │         └ <class 'pathlib.Path'>
    └ <function cli.<locals>.parse_doc at 0x7f1e43ddcc10>

> File "/scratch/data/divyasaxena_rs/Muskan_internship/MinerU/magic_pdf/tools/cli.py", line 121, in parse_doc
    do_parse(
    └ <function do_parse at 0x7f1e43ddc670>

  File "/scratch/data/divyasaxena_rs/Muskan_internship/MinerU/magic_pdf/tools/common.py", line 284, in do_parse
    _do_parse(output_dir, pdf_file_name, pdf_bytes_or_dataset, model_list, parse_method, debug_able, start_page_id=start_page_id, end_page_id=end_page_id, lang=lang, layout_model=layout_model, formula_enable=formula_enable, table_enable=table_enable,  f_draw_span_bbox=f_draw_span_bbox, f_draw_layout_bbox=f_draw_layout_bbox, f_dump_md=f_dump_md, f_dump_middle_json=f_dump_middle_json, f_dump_model_json=f_dump_model_json, f_dump_orig_pdf=f_dump_orig_pdf, f_dump_content_list=f_dump_content_list, f_make_md_mode=f_make_md_mode, f_draw_model_bbox=f_draw_model_bbox, f_draw_line_sort_bbox=f_draw_line_sort_bbox, f_draw_char_bbox=f_draw_char_bbox)
    │         │           │              │                     │           │             │                         │                          │                 │                  │                            │                            │                               │                                    │                             │                             │                                     │                                  │                                    │                                   │                                 │                                        │                                       └ False
    │         │           │              │                     │           │             │                         │                          │                 │                  │                            │                            │                               │                                    │                             │                             │                                     │                                  │                                    │                                   │                                 │                                        └ False
    │         │           │              │                     │           │             │                         │                          │                 │                  │                            │                            │                               │                                    │                             │                             │                                     │                                  │                                    │                                   │                                 └ False
    │         │           │              │                     │           │             │                         │                          │                 │                  │                            │                            │                               │                                    │                             │                             │                                     │                                  │                                    │                                   └ 'mm_markdown'
    │         │           │              │                     │           │             │                         │                          │                 │                  │                            │                            │                               │                                    │                             │                             │                                     │                                  │                                    └ True
    │         │           │              │                     │           │             │                         │                          │                 │                  │                            │                            │                               │                                    │                             │                             │                                     │                                  └ True
    │         │           │              │                     │           │             │                         │                          │                 │                  │                            │                            │                               │                                    │                             │                             │                                     └ True
    │         │           │              │                     │           │             │                         │                          │                 │                  │                            │                            │                               │                                    │                             │                             └ True
    │         │           │              │                     │           │             │                         │                          │                 │                  │                            │                            │                               │                                    │                             └ True
    │         │           │              │                     │           │             │                         │                          │                 │                  │                            │                            │                               │                                    └ True
    │         │           │              │                     │           │             │                         │                          │                 │                  │                            │                            │                               └ True
    │         │           │              │                     │           │             │                         │                          │                 │                  │                            │                            └ None
    │         │           │              │                     │           │             │                         │                          │                 │                  │                            └ None
    │         │           │              │                     │           │             │                         │                          │                 │                  └ None
    │         │           │              │                     │           │             │                         │                          │                 └ 'en'
    │         │           │              │                     │           │             │                         │                          └ 9
    │         │           │              │                     │           │             │                         └ 0
    │         │           │              │                     │           │             └ False
    │         │           │              │                     │           └ 'auto'
    │         │           │              │                     └ []
    │         │           │              └ b'%PDF-1.6\r%\xe2\xe3\xcf\xd3\r\n7773 0 obj\r<</Filter/FlateDecode/First 152/Length 856/N 16/Type/ObjStm>>stream\r\nh\xde\xcc...
    │         │           └ 'World_History_Volume_1'
    │         └ './dumps/'
    └ <function _do_parse at 0x7f1e43ddc5e0>

  File "/scratch/data/divyasaxena_rs/Muskan_internship/MinerU/magic_pdf/tools/common.py", line 119, in _do_parse
    infer_result = ds.apply(
                   │  └ <function PymuDocDataset.apply at 0x7f1ef8a052d0>
                   └ <magic_pdf.data.dataset.PymuDocDataset object at 0x7f1e43daf550>

  File "/scratch/data/divyasaxena_rs/Muskan_internship/MinerU/magic_pdf/data/dataset.py", line 214, in apply
    return proc(self, *args, **kwargs)
           │    │      │       └ {'ocr': False, 'lang': 'en', 'layout_model': None, 'formula_enable': None, 'table_enable': None}
           │    │      └ ()
           │    └ <magic_pdf.data.dataset.PymuDocDataset object at 0x7f1e43daf550>
           └ <function doc_analyze at 0x7f1e43ddc3a0>

  File "/scratch/data/divyasaxena_rs/Muskan_internship/MinerU/magic_pdf/model/doc_analyze_by_custom_model.py", line 160, in doc_analyze
    result = may_batch_image_analyze(batch_image, ocr, show_log,layout_model, formula_enable, table_enable)
             │                       │            │    │        │             │               └ None
             │                       │            │    │        │             └ None
             │                       │            │    │        └ None
             │                       │            │    └ False
             │                       │            └ False
             │                       └ [(array([[[ 14, 153, 120],
             │                                 [ 14, 153, 120],
             │                                 [ 14, 153, 120],
             │                                 ...,
             │                                 [ 14, 153, 120],
             │                                 [ ...
             └ <function may_batch_image_analyze at 0x7f1e43ddc4c0>

  File "/scratch/data/divyasaxena_rs/Muskan_internship/MinerU/magic_pdf/model/doc_analyze_by_custom_model.py", line 285, in may_batch_image_analyze
    results = batch_model(images_with_extra_info)
              │           └ [(array([[[ 14, 153, 120],
              │                     [ 14, 153, 120],
              │                     [ 14, 153, 120],
              │                     ...,
              │                     [ 14, 153, 120],
              │                     [ ...
              └ <magic_pdf.model.batch_analyze.BatchAnalyze object at 0x7f1e44ed8d00>

  File "/scratch/data/divyasaxena_rs/Muskan_internship/MinerU/magic_pdf/model/batch_analyze.py", line 33, in __call__
    self.model = self.model_manager.get_model(
    │            │    │             └ <function ModelSingleton.get_model at 0x7f1e43ddc310>
    │            │    └ <magic_pdf.model.doc_analyze_by_custom_model.ModelSingleton object at 0x7f1e44ed86a0>
    │            └ <magic_pdf.model.batch_analyze.BatchAnalyze object at 0x7f1e44ed8d00>
    └ <magic_pdf.model.batch_analyze.BatchAnalyze object at 0x7f1e44ed8d00>

  File "/scratch/data/divyasaxena_rs/Muskan_internship/MinerU/magic_pdf/model/doc_analyze_by_custom_model.py", line 46, in get_model
    self._models[key] = custom_model_init(
    │    │       │      └ <function custom_model_init at 0x7f1ef846eef0>
    │    │       └ (True, False, None, None, None, None)
    │    └ {}
    └ <magic_pdf.model.doc_analyze_by_custom_model.ModelSingleton object at 0x7f1e44ed86a0>

  File "/scratch/data/divyasaxena_rs/Muskan_internship/MinerU/magic_pdf/model/doc_analyze_by_custom_model.py", line 111, in custom_model_init
    custom_model = CustomPEKModel(**model_input)
                   │                └ {'ocr': True, 'show_log': False, 'models_dir': '/scratch/data/divyasaxena_rs/Muskan_internship/mineru_models/PDF-Extract-Kit/...
                   └ <class 'magic_pdf.model.pdf_extract_kit.CustomPEKModel'>

  File "/scratch/data/divyasaxena_rs/Muskan_internship/MinerU/magic_pdf/model/pdf_extract_kit.py", line 109, in __init__
    self.mfr_model = atom_model_manager.get_atom_model(
    │                │                  └ <function AtomModelSingleton.get_atom_model at 0x7f1e44eaf520>
    │                └ <magic_pdf.model.sub_modules.model_init.AtomModelSingleton object at 0x7f1e44ed87f0>
    └ <magic_pdf.model.pdf_extract_kit.CustomPEKModel object at 0x7f1e44ed8fa0>

  File "/scratch/data/divyasaxena_rs/Muskan_internship/MinerU/magic_pdf/model/sub_modules/model_init.py", line 150, in get_atom_model
    self._models[key] = atom_model_init(model_name=atom_model_name, **kwargs)
    │    │       │      │                          │                  └ {'mfr_weight_dir': '/scratch/data/divyasaxena_rs/Muskan_internship/mineru_models/PDF-Extract-Kit/models/MFR/unimernet_hf_smal...
    │    │       │      │                          └ 'mfr'
    │    │       │      └ <function atom_model_init at 0x7f1e44eaf400>
    │    │       └ 'mfr'
    │    └ {'mfd': <magic_pdf.model.sub_modules.mfd.yolov8.YOLOv8.YOLOv8MFDModel object at 0x7f1e44ed8340>}
    └ <magic_pdf.model.sub_modules.model_init.AtomModelSingleton object at 0x7f1e44ed87f0>

  File "/scratch/data/divyasaxena_rs/Muskan_internship/MinerU/magic_pdf/model/sub_modules/model_init.py", line 176, in atom_model_init
    atom_model = mfr_model_init(
                 └ <function mfr_model_init at 0x7f1e44eaf130>

  File "/scratch/data/divyasaxena_rs/Muskan_internship/MinerU/magic_pdf/model/sub_modules/model_init.py", line 75, in mfr_model_init
    mfr_model = UnimernetModel(weight_dir, cfg_path, device)
                │              │           │         └ 'cuda'
                │              │           └ '/scratch/data/divyasaxena_rs/Muskan_internship/MinerU/magic_pdf/resources/model_config/UniMERNet/demo.yaml'
                │              └ '/scratch/data/divyasaxena_rs/Muskan_internship/mineru_models/PDF-Extract-Kit/models/MFR/unimernet_hf_small_2503'
                └ <class 'magic_pdf.model.sub_modules.mfr.unimernet.Unimernet.UnimernetModel'>

  File "/scratch/data/divyasaxena_rs/Muskan_internship/MinerU/magic_pdf/model/sub_modules/mfr/unimernet/Unimernet.py", line 29, in __init__
    self.model.to(_device_)
    │    │     │  └ 'cuda'
    │    │     └ <function Module.to at 0x7f1dfcd3cf70>
    │    └ UnimernetModel(
    │        (encoder): UnimerSwinModel(
    │          (embeddings): UnimerSwinEmbeddings(
    │            (patch_embeddings): UnimerSwinPat...
    └ <magic_pdf.model.sub_modules.mfr.unimernet.Unimernet.UnimernetModel object at 0x7f1e27797700>

  File "/scratch/data/divyasaxena_rs/Muskan_internship/envs/mineru/lib/python3.10/site-packages/transformers/modeling_utils.py", line 4110, in to
    return super().to(*args, **kwargs)
                       │       └ {}
                       └ ('cuda',)
  File "/scratch/data/divyasaxena_rs/Muskan_internship/envs/mineru/lib/python3.10/site-packages/torch/nn/modules/module.py", line 1383, in to
    return self._apply(convert)
           │    │      └ <function Module.to.<locals>.convert at 0x7f1e1919a710>
           │    └ <function Module._apply at 0x7f1e45cef6d0>
           └ UnimernetModel(
               (encoder): UnimerSwinModel(
                 (embeddings): UnimerSwinEmbeddings(
                   (patch_embeddings): UnimerSwinPat...
  File "/scratch/data/divyasaxena_rs/Muskan_internship/envs/mineru/lib/python3.10/site-packages/torch/nn/modules/module.py", line 933, in _apply
    module._apply(fn)
    │      │      └ <function Module.to.<locals>.convert at 0x7f1e1919a710>
    │      └ <function Module._apply at 0x7f1e45cef6d0>
    └ UnimerSwinModel(
        (embeddings): UnimerSwinEmbeddings(
          (patch_embeddings): UnimerSwinPatchEmbeddings(
            (projection):...
  File "/scratch/data/divyasaxena_rs/Muskan_internship/envs/mineru/lib/python3.10/site-packages/torch/nn/modules/module.py", line 933, in _apply
    module._apply(fn)
    │      │      └ <function Module.to.<locals>.convert at 0x7f1e1919a710>
    │      └ <function Module._apply at 0x7f1e45cef6d0>
    └ UnimerSwinEmbeddings(
        (patch_embeddings): UnimerSwinPatchEmbeddings(
          (projection): StemLayer(
            (conv1): Conv2d(3, ...
  File "/scratch/data/divyasaxena_rs/Muskan_internship/envs/mineru/lib/python3.10/site-packages/torch/nn/modules/module.py", line 933, in _apply
    module._apply(fn)
    │      │      └ <function Module.to.<locals>.convert at 0x7f1e1919a710>
    │      └ <function Module._apply at 0x7f1e45cef6d0>
    └ UnimerSwinPatchEmbeddings(
        (projection): StemLayer(
          (conv1): Conv2d(3, 48, kernel_size=(3, 3), stride=(2, 2), padding=(...
  [Previous line repeated 2 more times]
  File "/scratch/data/divyasaxena_rs/Muskan_internship/envs/mineru/lib/python3.10/site-packages/torch/nn/modules/module.py", line 964, in _apply
    param_applied = fn(param)
                    │  └ Parameter containing:
                    │    tensor([[[[-0.0201, -0.0130,  0.0035],
                    │              [-0.0230, -0.0078,  0.0219],
                    │              [-0.0124,  0.02...
                    └ <function Module.to.<locals>.convert at 0x7f1e1919a710>
  File "/scratch/data/divyasaxena_rs/Muskan_internship/envs/mineru/lib/python3.10/site-packages/torch/nn/modules/module.py", line 1369, in convert
    return t.to(
           │ └ <method 'to' of 'torch._C.TensorBase' objects>
           └ Parameter containing:
             tensor([[[[-0.0201, -0.0130,  0.0035],
                       [-0.0230, -0.0078,  0.0219],
                       [-0.0124,  0.02...
  File "/scratch/data/divyasaxena_rs/Muskan_internship/envs/mineru/lib/python3.10/site-packages/torch/cuda/__init__.py", line 491, in _lazy_init
    torch._C._cuda_init()
    │     │  └ <built-in function _cuda_init>
    │     └ <module 'torch._C' from '/scratch/data/divyasaxena_rs/Muskan_internship/envs/mineru/lib/python3.10/site-packages/torch/_C.cpy...
    └ <module 'torch' from '/scratch/data/divyasaxena_rs/Muskan_internship/envs/mineru/lib/python3.10/site-packages/torch/__init__....

RuntimeError: The NVIDIA driver on your system is too old (found version 12050). Please update your GPU driver by downloading and installing a new version from the URL: http://www.nvidia.com/Download/index.aspx Alternatively, go to: https://pytorch.org to install a PyTorch version that has been compiled with your version of the CUDA driver.
Traceback (most recent call last):
  File "/scratch/data/divyasaxena_rs/Muskan_internship/MegaRAG/egs/world_history_tiny/../utils/build_page_assets.py", line 219, in <module>
    main()
  File "/scratch/data/divyasaxena_rs/Muskan_internship/MegaRAG/egs/world_history_tiny/../utils/build_page_assets.py", line 201, in main
    raise FileNotFoundError(f"Required path not found: {p}")
FileNotFoundError: Required path not found: dumps/World_History_Volume_1/auto/World_History_Volume_1_middle.json
