cpu-bind=MASK - gpu1, task  0  0 [2377639]: mask 0xc0000000000000000000000000000000c0 set
2026-06-10 21:19:56.131 | INFO     | magic_pdf.data.dataset:__init__:157 - lang: en
2026-06-10 21:19:57.034 | INFO     | magic_pdf.libs.pdf_check:detect_invalid_chars:67 - cid_count: 0, text_len: 9101, cid_chars_radio: 0.0
2026-06-10 21:19:57.887 | INFO     | magic_pdf.model.doc_analyze_by_custom_model:may_batch_image_analyze:275 - gpu_memory: 39 GB, batch_ratio: 16
2026-06-10 21:19:57.892 | INFO     | magic_pdf.model.pdf_extract_kit:__init__:68 - DocAnalysis init, this may take some times, layout_model: doclayout_yolo, apply_formula: True, apply_ocr: True, apply_table: True, table_model: rapid_table, lang: None
2026-06-10 21:19:57.892 | INFO     | magic_pdf.model.pdf_extract_kit:__init__:82 - using device: cuda
2026-06-10 21:19:57.892 | INFO     | magic_pdf.model.pdf_extract_kit:__init__:86 - using models_dir: /scratch/data/divyasaxena_rs/Muskan_internship/mineru_models/PDF-Extract-Kit/models
2026-06-10 21:20:04.227 | ERROR    | magic_pdf.tools.cli:parse_doc:134 - No module named 'omegaconf'
Traceback (most recent call last):

  File "/scratch/data/divyasaxena_rs/Muskan_internship/envs/mineru/bin/magic-pdf", line 6, in <module>
    sys.exit(cli())
    │   │    └ <Command cli>
    │   └ <built-in function exit>
    └ <module 'sys' (built-in)>
  File "/scratch/data/divyasaxena_rs/Muskan_internship/envs/mineru/lib/python3.10/site-packages/click/core.py", line 1524, in __call__
    return self.main(*args, **kwargs)
           │    │     │       └ {}
           │    │     └ ()
           │    └ <function Command.main at 0x7fe66e6ba560>
           └ <Command cli>
  File "/scratch/data/divyasaxena_rs/Muskan_internship/envs/mineru/lib/python3.10/site-packages/click/core.py", line 1445, in main
    rv = self.invoke(ctx)
         │    │      └ <click.core.Context object at 0x7fe66eb67160>
         │    └ <function Command.invoke at 0x7fe66e6ba440>
         └ <Command cli>
  File "/scratch/data/divyasaxena_rs/Muskan_internship/envs/mineru/lib/python3.10/site-packages/click/core.py", line 1308, in invoke
    return ctx.invoke(self.callback, **ctx.params)
           │   │      │    │           │   └ {'path': './data/World_History_Volume_1.pdf', 'output_dir': './dumps/', 'lang': 'en', 'end_page_id': 9, 'method': 'auto', 'de...
           │   │      │    │           └ <click.core.Context object at 0x7fe66eb67160>
           │   │      │    └ <function cli at 0x7fe59cfe0f70>
           │   │      └ <Command cli>
           │   └ <function Context.invoke at 0x7fe66e6b97e0>
           └ <click.core.Context object at 0x7fe66eb67160>
  File "/scratch/data/divyasaxena_rs/Muskan_internship/envs/mineru/lib/python3.10/site-packages/click/core.py", line 877, in invoke
    return callback(*args, **kwargs)
           │         │       └ {'path': './data/World_History_Volume_1.pdf', 'output_dir': './dumps/', 'lang': 'en', 'end_page_id': 9, 'method': 'auto', 'de...
           │         └ ()
           └ <function cli at 0x7fe59cfe0f70>

  File "/scratch/data/divyasaxena_rs/Muskan_internship/MinerU/magic_pdf/tools/cli.py", line 155, in cli
    parse_doc(Path(path))
    │         │    └ './data/World_History_Volume_1.pdf'
    │         └ <class 'pathlib.Path'>
    └ <function cli.<locals>.parse_doc at 0x7fe59cfe0af0>

> File "/scratch/data/divyasaxena_rs/Muskan_internship/MinerU/magic_pdf/tools/cli.py", line 121, in parse_doc
    do_parse(
    └ <function do_parse at 0x7fe59cfe04c0>

  File "/scratch/data/divyasaxena_rs/Muskan_internship/MinerU/magic_pdf/tools/common.py", line 284, in do_parse
    _do_parse(output_dir, pdf_file_name, pdf_bytes_or_dataset, model_list, parse_method, debug_able, start_page_id=start_page_id, end_page_id=end_page_id, lang=lang, layout_model=layout_model, formula_enable=formula_enable, table_enable=table_enable,  f_draw_span_bbox=f_draw_span_bbox, f_draw_layout_bbox=f_draw_layout_bbox, f_dump_md=f_dump_md, f_dump_middle_json=f_dump_middle_json, f_dump_model_json=f_dump_model_json, f_dump_orig_pdf=f_dump_orig_pdf, f_dump_content_list=f_dump_content_list, f_make_md_mode=f_make_md_mode, f_draw_model_bbox=f_draw_model_bbox, f_draw_line_sort_bbox=f_draw_line_sort_bbox, f_draw_char_bbox=f_draw_char_bbox)
    │         │           │              │                     │           │             │                         │                          │                 │                  │                            │                            │                               │                                    │                             │                             │                                     │                                  │                                    │                                   │                                 │                                        │                                       └ False
    │         │           │              │                     │           │             │                         │                          │                 │                  │                            │                            │                               │                                    │                             │                             │                                     │                                  │                                    │                                   │                                 │                                        └ False
    │         │           │              │                     │           │             │                         │                          │                 │                  │                            │                            │                               │                                    │                             │                             │                                     │                                  │                                    │                                   │                                 └ False
    │         │           │              │                     │           │             │                         │                          │                 │                  │                            │                            │                               │                                    │                             │                             │                                     │                                  │                                    │                                   └ 'mm_markdown'
    │         │           │              │                     │           │             │                         │                          │                 │                  │                            │                            │                               │                                    │                             │                             │                                     │                                  │                                    └ True
    │         │           │              │                     │           │             │                         │                          │                 │                  │                            │                            │                               │                                    │                             │                             │                                     │                                  └ True
    │         │           │              │                     │           │             │                         │                          │                 │                  │                            │                            │                               │                                    │                             │                             │                                     └ True
    │         │           │              │                     │           │             │                         │                          │                 │                  │                            │                            │                               │                                    │                             │                             └ True
    │         │           │              │                     │           │             │                         │                          │                 │                  │                            │                            │                               │                                    │                             └ True
    │         │           │              │                     │           │             │                         │                          │                 │                  │                            │                            │                               │                                    └ True
    │         │           │              │                     │           │             │                         │                          │                 │                  │                            │                            │                               └ True
    │         │           │              │                     │           │             │                         │                          │                 │                  │                            │                            └ None
    │         │           │              │                     │           │             │                         │                          │                 │                  │                            └ None
    │         │           │              │                     │           │             │                         │                          │                 │                  └ None
    │         │           │              │                     │           │             │                         │                          │                 └ 'en'
    │         │           │              │                     │           │             │                         │                          └ 9
    │         │           │              │                     │           │             │                         └ 0
    │         │           │              │                     │           │             └ False
    │         │           │              │                     │           └ 'auto'
    │         │           │              │                     └ []
    │         │           │              └ b'%PDF-1.6\r%\xe2\xe3\xcf\xd3\r\n7773 0 obj\r<</Filter/FlateDecode/First 152/Length 856/N 16/Type/ObjStm>>stream\r\nh\xde\xcc...
    │         │           └ 'World_History_Volume_1'
    │         └ './dumps/'
    └ <function _do_parse at 0x7fe59cfe0430>

  File "/scratch/data/divyasaxena_rs/Muskan_internship/MinerU/magic_pdf/tools/common.py", line 119, in _do_parse
    infer_result = ds.apply(
                   │  └ <function PymuDocDataset.apply at 0x7fe65dcd92d0>
                   └ <magic_pdf.data.dataset.PymuDocDataset object at 0x7fe59cfbe6e0>

  File "/scratch/data/divyasaxena_rs/Muskan_internship/MinerU/magic_pdf/data/dataset.py", line 214, in apply
    return proc(self, *args, **kwargs)
           │    │      │       └ {'ocr': False, 'lang': 'en', 'layout_model': None, 'formula_enable': None, 'table_enable': None}
           │    │      └ ()
           │    └ <magic_pdf.data.dataset.PymuDocDataset object at 0x7fe59cfbe6e0>
           └ <function doc_analyze at 0x7fe59cfe01f0>

  File "/scratch/data/divyasaxena_rs/Muskan_internship/MinerU/magic_pdf/model/doc_analyze_by_custom_model.py", line 160, in doc_analyze
    result = may_batch_image_analyze(batch_image, ocr, show_log,layout_model, formula_enable, table_enable)
             │                       │            │    │        │             │               └ None
             │                       │            │    │        │             └ None
             │                       │            │    │        └ None
             │                       │            │    └ False
             │                       │            └ False
             │                       └ [(array([[[ 14, 153, 120],
             │                                 [ 14, 153, 120],
             │                                 [ 14, 153, 120],
             │                                 ...,
             │                                 [ 14, 153, 120],
             │                                 [ ...
             └ <function may_batch_image_analyze at 0x7fe59cfe0310>

  File "/scratch/data/divyasaxena_rs/Muskan_internship/MinerU/magic_pdf/model/doc_analyze_by_custom_model.py", line 285, in may_batch_image_analyze
    results = batch_model(images_with_extra_info)
              │           └ [(array([[[ 14, 153, 120],
              │                     [ 14, 153, 120],
              │                     [ 14, 153, 120],
              │                     ...,
              │                     [ 14, 153, 120],
              │                     [ ...
              └ <magic_pdf.model.batch_analyze.BatchAnalyze object at 0x7fe56fce3730>

  File "/scratch/data/divyasaxena_rs/Muskan_internship/MinerU/magic_pdf/model/batch_analyze.py", line 33, in __call__
    self.model = self.model_manager.get_model(
    │            │    │             └ <function ModelSingleton.get_model at 0x7fe59cfe0160>
    │            │    └ <magic_pdf.model.doc_analyze_by_custom_model.ModelSingleton object at 0x7fe56fd23fd0>
    │            └ <magic_pdf.model.batch_analyze.BatchAnalyze object at 0x7fe56fce3730>
    └ <magic_pdf.model.batch_analyze.BatchAnalyze object at 0x7fe56fce3730>

  File "/scratch/data/divyasaxena_rs/Muskan_internship/MinerU/magic_pdf/model/doc_analyze_by_custom_model.py", line 46, in get_model
    self._models[key] = custom_model_init(
    │    │       │      └ <function custom_model_init at 0x7fe65d732ef0>
    │    │       └ (True, False, None, None, None, None)
    │    └ {}
    └ <magic_pdf.model.doc_analyze_by_custom_model.ModelSingleton object at 0x7fe56fd23fd0>

  File "/scratch/data/divyasaxena_rs/Muskan_internship/MinerU/magic_pdf/model/doc_analyze_by_custom_model.py", line 111, in custom_model_init
    custom_model = CustomPEKModel(**model_input)
                   │                └ {'ocr': True, 'show_log': False, 'models_dir': '/scratch/data/divyasaxena_rs/Muskan_internship/mineru_models/PDF-Extract-Kit/...
                   └ <class 'magic_pdf.model.pdf_extract_kit.CustomPEKModel'>

  File "/scratch/data/divyasaxena_rs/Muskan_internship/MinerU/magic_pdf/model/pdf_extract_kit.py", line 145, in __init__
    self.ocr_model = atom_model_manager.get_atom_model(
    │                │                  └ <function AtomModelSingleton.get_atom_model at 0x7fe575519b40>
    │                └ <magic_pdf.model.sub_modules.model_init.AtomModelSingleton object at 0x7fe56fd212d0>
    └ <magic_pdf.model.pdf_extract_kit.CustomPEKModel object at 0x7fe56fd21f90>

  File "/scratch/data/divyasaxena_rs/Muskan_internship/MinerU/magic_pdf/model/sub_modules/model_init.py", line 150, in get_atom_model
    self._models[key] = atom_model_init(model_name=atom_model_name, **kwargs)
    │    │       │      │                          │                  └ {'ocr_show_log': False, 'det_db_box_thresh': 0.3, 'lang': None}
    │    │       │      │                          └ 'ocr'
    │    │       │      └ <function atom_model_init at 0x7fe575519a20>
    │    │       └ ('ocr', None)
    │    └ {'mfd': <magic_pdf.model.sub_modules.mfd.yolov8.YOLOv8.YOLOv8MFDModel object at 0x7fe56fd21240>, 'mfr': <magic_pdf.model.sub_...
    └ <magic_pdf.model.sub_modules.model_init.AtomModelSingleton object at 0x7fe56fd212d0>

  File "/scratch/data/divyasaxena_rs/Muskan_internship/MinerU/magic_pdf/model/sub_modules/model_init.py", line 182, in atom_model_init
    atom_model = ocr_model_init(
                 └ <function ocr_model_init at 0x7fe575519990>

  File "/scratch/data/divyasaxena_rs/Muskan_internship/MinerU/magic_pdf/model/sub_modules/model_init.py", line 116, in ocr_model_init
    model = PytorchPaddleOCR(
            └ <class 'magic_pdf.model.sub_modules.ocr.paddleocr2pytorch.pytorch_paddle.PytorchPaddleOCR'>

  File "/scratch/data/divyasaxena_rs/Muskan_internship/MinerU/magic_pdf/model/sub_modules/ocr/paddleocr2pytorch/pytorch_paddle.py", line 83, in __init__
    super().__init__(args)
                     └ Namespace(use_gpu=False, det=True, rec=True, device='cuda', gpu_mem=500, warmup=False, image_dir=None, det_algorithm='DB', de...

  File "/scratch/data/divyasaxena_rs/Muskan_internship/MinerU/magic_pdf/model/sub_modules/ocr/paddleocr2pytorch/tools/infer/predict_system.py", line 12, in __init__
    self.text_detector = predict_det.TextDetector(args, **kwargs)
    │                    │           │            │       └ {}
    │                    │           │            └ Namespace(use_gpu=False, det=True, rec=True, device='cuda', gpu_mem=500, warmup=False, image_dir=None, det_algorithm='DB', de...
    │                    │           └ <class 'magic_pdf.model.sub_modules.ocr.paddleocr2pytorch.tools.infer.predict_det.TextDetector'>
    │                    └ <module 'magic_pdf.model.sub_modules.ocr.paddleocr2pytorch.tools.infer.predict_det' from '/scratch/data/divyasaxena_rs/Muskan...
    └ <magic_pdf.model.sub_modules.ocr.paddleocr2pytorch.pytorch_paddle.PytorchPaddleOCR object at 0x7fe538c8be50>

  File "/scratch/data/divyasaxena_rs/Muskan_internship/MinerU/magic_pdf/model/sub_modules/ocr/paddleocr2pytorch/tools/infer/predict_det.py", line 114, in __init__
    network_config = utility.get_arch_config(self.weights_path)
                     │       │               │    └ '/scratch/data/divyasaxena_rs/Muskan_internship/mineru_models/PDF-Extract-Kit/models/OCR/paddleocr_torch/ch_PP-OCRv3_det_infe...
                     │       │               └ <magic_pdf.model.sub_modules.ocr.paddleocr2pytorch.tools.infer.predict_det.TextDetector object at 0x7fe538c50070>
                     │       └ <function get_arch_config at 0x7fe5756e28c0>
                     └ <module 'magic_pdf.model.sub_modules.ocr.paddleocr2pytorch.tools.infer.pytorchocr_utility' from '/scratch/data/divyasaxena_rs...

  File "/scratch/data/divyasaxena_rs/Muskan_internship/MinerU/magic_pdf/model/sub_modules/ocr/paddleocr2pytorch/tools/infer/pytorchocr_utility.py", line 219, in get_arch_config
    from omegaconf import OmegaConf

ModuleNotFoundError: No module named 'omegaconf'
Traceback (most recent call last):
  File "/scratch/data/divyasaxena_rs/Muskan_internship/MegaRAG/egs/world_history_tiny/../utils/build_page_assets.py", line 219, in <module>
    main()
  File "/scratch/data/divyasaxena_rs/Muskan_internship/MegaRAG/egs/world_history_tiny/../utils/build_page_assets.py", line 201, in main
    raise FileNotFoundError(f"Required path not found: {p}")
FileNotFoundError: Required path not found: dumps/World_History_Volume_1/auto/World_History_Volume_1_middle.json
